ok  	github.com/chase-compton/LOX_GO/test	(cached)
